// Jest Snapshot v1, https://goo.gl/fbAQLP

exports[`SaveSvg renders Should SaveSvg render 1`] = `
<DocumentFragment>
  <svg
    aria-label=""
    class="_ab6-"
    color="#262626"
    fill="#262626"
    height="12"
    role="img"
    viewBox="0 0 24 24"
    width="12"
  >
    <polygon
      fill="none"
      points="20 21 12 13.44 4 21 4 3 20 3 20 21"
      stroke="currentColor"
      stroke-linecap="round"
      stroke-linejoin="round"
      stroke-width="2"
    />
  </svg>
</DocumentFragment>
`;
