// Jest Snapshot v1, https://goo.gl/fbAQLP

exports[`Modal snapshot testing Should Modal to render 1`] = `
<DocumentFragment>
  <div
    class="container"
  >
    <div
      class="containerBackground"
      data-testid="closeModal"
    />
    <div
      class="content"
    />
  </div>
</DocumentFragment>
`;
