// Jest Snapshot v1, https://goo.gl/fbAQLP

exports[`UserPostContainer renders Should UserPostContainer render 1`] = `
<DocumentFragment>
  <ul
    class="list"
  />
</DocumentFragment>
`;
